[realtime-service] Installing dependencies...
bun install v1.3.14 (0d9b296a)

+ @types/bun@1.3.14
+ @types/node@26.1.1
+ socket.io@4.8.3

24 packages installed [301.00ms]
[realtime-service] Running bun run dev...
$ bun --hot index.ts
[2026-08-18T23:55:14.909Z] Youngsend Realtime Service started on port 3003
[2026-08-18T23:55:14.909Z] CORS: allowed all origins
[2026-08-18T23:55:14.909Z] Timers: trust-score demo every 30s, heartbeat every 15s
[2026-08-18T23:55:44.849Z] EMIT trust:score_updated → business:biz_7 {"businessId":"biz_7","overallScore":76.8,"paymentScore":65.6,"deliveryScore":89.1,"qualityScore":79.5,"businessName":"Singapore Global Pte","timestamp":"2026-08-18T23:55:44.848Z"}
[2026-08-18T23:56:14.848Z] EMIT trust:score_updated → business:biz_7 {"businessId":"biz_7","overallScore":77.7,"paymentScore":81.4,"deliveryScore":71.4,"qualityScore":79.1,"businessName":"Singapore Global Pte","timestamp":"2026-08-18T23:56:14.848Z"}
[2026-08-18T23:56:44.850Z] EMIT trust:score_updated → business:biz_5 {"businessId":"biz_5","overallScore":82.6,"paymentScore":79.6,"deliveryScore":94.7,"qualityScore":74.6,"businessName":"Dubai Golden Trade","timestamp":"2026-08-18T23:56:44.850Z"}
[2026-08-18T23:57:14.851Z] EMIT trust:score_updated → business:biz_3 {"businessId":"biz_3","overallScore":89.5,"paymentScore":95.5,"deliveryScore":98.6,"qualityScore":72.3,"businessName":"Shenzhen Tech Solutions","timestamp":"2026-08-18T23:57:14.851Z"}
[2026-08-18T23:57:44.851Z] EMIT trust:score_updated → business:biz_3 {"businessId":"biz_3","overallScore":94.2,"paymentScore":94.2,"deliveryScore":89,"qualityScore":99.5,"businessName":"Shenzhen Tech Solutions","timestamp":"2026-08-18T23:57:44.851Z"}
[2026-08-18T23:58:14.865Z] EMIT trust:score_updated → business:biz_1 {"businessId":"biz_1","overallScore":81.3,"paymentScore":87.3,"deliveryScore":80.2,"qualityScore":74.3,"businessName":"Pacific Trade Co.","timestamp":"2026-08-18T23:58:14.865Z"}
[2026-08-18T23:58:44.866Z] EMIT trust:score_updated → business:biz_5 {"businessId":"biz_5","overallScore":82.1,"paymentScore":88.8,"deliveryScore":77.9,"qualityScore":77.5,"businessName":"Dubai Golden Trade","timestamp":"2026-08-18T23:58:44.866Z"}
[2026-08-18T23:59:14.867Z] EMIT trust:score_updated → business:biz_7 {"businessId":"biz_7","overallScore":77.8,"paymentScore":80.2,"deliveryScore":81.9,"qualityScore":70.5,"businessName":"Singapore Global Pte","timestamp":"2026-08-18T23:59:14.867Z"}
[2026-08-18T23:59:44.871Z] EMIT trust:score_updated → business:biz_1 {"businessId":"biz_1","overallScore":74.1,"paymentScore":70,"deliveryScore":77.5,"qualityScore":76.2,"businessName":"Pacific Trade Co.","timestamp":"2026-08-18T23:59:44.871Z"}
[2026-08-19T00:00:14.871Z] EMIT trust:score_updated → business:biz_4 {"businessId":"biz_4","overallScore":83.5,"paymentScore":82.2,"deliveryScore":87.7,"qualityScore":80.9,"businessName":"London Bridge Imports","timestamp":"2026-08-19T00:00:14.871Z"}
[2026-08-19T00:00:44.872Z] EMIT trust:score_updated → business:biz_1 {"businessId":"biz_1","overallScore":80.1,"paymentScore":81.5,"deliveryScore":68.3,"qualityScore":89.9,"businessName":"Pacific Trade Co.","timestamp":"2026-08-19T00:00:44.872Z"}
[2026-08-19T00:01:14.872Z] EMIT trust:score_updated → business:biz_2 {"businessId":"biz_2","overallScore":86.8,"paymentScore":80.3,"deliveryScore":88.1,"qualityScore":94,"businessName":"Berlin Industrie GmbH","timestamp":"2026-08-19T00:01:14.872Z"}
[2026-08-19T00:01:44.886Z] EMIT trust:score_updated → business:biz_4 {"businessId":"biz_4","overallScore":84.6,"paymentScore":86.6,"deliveryScore":77.4,"qualityScore":89,"businessName":"London Bridge Imports","timestamp":"2026-08-19T00:01:44.886Z"}
[2026-08-19T00:02:14.887Z] EMIT trust:score_updated → business:biz_6 {"businessId":"biz_6","overallScore":71,"paymentScore":71.8,"deliveryScore":65.6,"qualityScore":75.2,"businessName":"Tokyo Electronics Ltd.","timestamp":"2026-08-19T00:02:14.887Z"}
[2026-08-19T00:02:44.887Z] EMIT trust:score_updated → business:biz_5 {"businessId":"biz_5","overallScore":89.4,"paymentScore":95.6,"deliveryScore":92.8,"qualityScore":77.6,"businessName":"Dubai Golden Trade","timestamp":"2026-08-19T00:02:44.887Z"}
[2026-08-19T00:03:14.887Z] EMIT trust:score_updated → business:biz_1 {"businessId":"biz_1","overallScore":83.5,"paymentScore":98,"deliveryScore":76.4,"qualityScore":71.2,"businessName":"Pacific Trade Co.","timestamp":"2026-08-19T00:03:14.887Z"}
[2026-08-19T00:03:44.888Z] EMIT trust:score_updated → business:biz_3 {"businessId":"biz_3","overallScore":85.4,"paymentScore":87.4,"deliveryScore":75.1,"qualityScore":93,"businessName":"Shenzhen Tech Solutions","timestamp":"2026-08-19T00:03:44.888Z"}
[2026-08-19T00:04:14.888Z] EMIT trust:score_updated → business:biz_3 {"businessId":"biz_3","overallScore":80.1,"paymentScore":68,"deliveryScore":96.6,"qualityScore":79.8,"businessName":"Shenzhen Tech Solutions","timestamp":"2026-08-19T00:04:14.888Z"}
[2026-08-19T00:04:44.888Z] EMIT trust:score_updated → business:biz_10 {"businessId":"biz_10","overallScore":89.8,"paymentScore":97.5,"deliveryScore":75,"qualityScore":94.4,"businessName":"Lagos Trade Hub","timestamp":"2026-08-19T00:04:44.888Z"}
[2026-08-19T00:05:14.888Z] EMIT trust:score_updated → business:biz_9 {"businessId":"biz_9","overallScore":90.6,"paymentScore":94.6,"deliveryScore":78.8,"qualityScore":97,"businessName":"São Paulo Agro Ltd.","timestamp":"2026-08-19T00:05:14.888Z"}
[2026-08-19T00:05:44.888Z] EMIT trust:score_updated → business:biz_4 {"businessId":"biz_4","overallScore":94.7,"paymentScore":95.6,"deliveryScore":97.8,"qualityScore":90.4,"businessName":"London Bridge Imports","timestamp":"2026-08-19T00:05:44.888Z"}
[2026-08-19T00:06:14.902Z] EMIT trust:score_updated → business:biz_6 {"businessId":"biz_6","overallScore":83.3,"paymentScore":91.2,"deliveryScore":69,"qualityScore":87.1,"businessName":"Tokyo Electronics Ltd.","timestamp":"2026-08-19T00:06:14.901Z"}
[2026-08-19T00:06:44.902Z] EMIT trust:score_updated → business:biz_7 {"businessId":"biz_7","overallScore":87.8,"paymentScore":99,"deliveryScore":94.9,"qualityScore":65.8,"businessName":"Singapore Global Pte","timestamp":"2026-08-19T00:06:44.902Z"}
[2026-08-19T00:07:14.902Z] EMIT trust:score_updated → business:biz_2 {"businessId":"biz_2","overallScore":82.9,"paymentScore":87.3,"deliveryScore":66.2,"qualityScore":93.7,"businessName":"Berlin Industrie GmbH","timestamp":"2026-08-19T00:07:14.902Z"}
[2026-08-19T00:07:44.902Z] EMIT trust:score_updated → business:biz_10 {"businessId":"biz_10","overallScore":73.7,"paymentScore":75.5,"deliveryScore":61.2,"qualityScore":83.8,"businessName":"Lagos Trade Hub","timestamp":"2026-08-19T00:07:44.902Z"}
[2026-08-19T00:08:14.902Z] EMIT trust:score_updated → business:biz_9 {"businessId":"biz_9","overallScore":74,"paymentScore":77.6,"deliveryScore":68.4,"qualityScore":74.8,"businessName":"São Paulo Agro Ltd.","timestamp":"2026-08-19T00:08:14.902Z"}
[2026-08-19T00:08:44.902Z] EMIT trust:score_updated → business:biz_3 {"businessId":"biz_3","overallScore":75.9,"paymentScore":78.5,"deliveryScore":63.5,"qualityScore":84.7,"businessName":"Shenzhen Tech Solutions","timestamp":"2026-08-19T00:08:44.902Z"}
[2026-08-19T00:09:14.903Z] EMIT trust:score_updated → business:biz_3 {"businessId":"biz_3","overallScore":71.9,"paymentScore":73.3,"deliveryScore":65,"qualityScore":76.9,"businessName":"Shenzhen Tech Solutions","timestamp":"2026-08-19T00:09:14.903Z"}
[2026-08-19T00:09:44.903Z] EMIT trust:score_updated → business:biz_10 {"businessId":"biz_10","overallScore":80.9,"paymentScore":80.1,"deliveryScore":73.3,"qualityScore":89.5,"businessName":"Lagos Trade Hub","timestamp":"2026-08-19T00:09:44.903Z"}
[2026-08-19T00:10:14.903Z] EMIT trust:score_updated → business:biz_5 {"businessId":"biz_5","overallScore":86.5,"paymentScore":99.2,"deliveryScore":66.8,"qualityScore":89.2,"businessName":"Dubai Golden Trade","timestamp":"2026-08-19T00:10:14.903Z"}
[2026-08-19T00:10:44.918Z] EMIT trust:score_updated → business:biz_3 {"businessId":"biz_3","overallScore":86.4,"paymentScore":80.4,"deliveryScore":95.9,"qualityScore":84.9,"businessName":"Shenzhen Tech Solutions","timestamp":"2026-08-19T00:10:44.917Z"}
[2026-08-19T00:11:14.918Z] EMIT trust:score_updated → business:biz_1 {"businessId":"biz_1","overallScore":82.7,"paymentScore":84.7,"deliveryScore":85.6,"qualityScore":77,"businessName":"Pacific Trade Co.","timestamp":"2026-08-19T00:11:14.917Z"}
[2026-08-19T00:11:44.918Z] EMIT trust:score_updated → business:biz_2 {"businessId":"biz_2","overallScore":83,"paymentScore":76.4,"deliveryScore":93.2,"qualityScore":81.5,"businessName":"Berlin Industrie GmbH","timestamp":"2026-08-19T00:11:44.918Z"}
[2026-08-19T00:12:14.919Z] EMIT trust:score_updated → business:biz_8 {"businessId":"biz_8","overallScore":84.8,"paymentScore":76.4,"deliveryScore":87.8,"qualityScore":93,"businessName":"Mumbai Textile Mills","timestamp":"2026-08-19T00:12:14.919Z"}
[2026-08-19T00:12:44.919Z] EMIT trust:score_updated → business:biz_1 {"businessId":"biz_1","overallScore":81.7,"paymentScore":93.7,"deliveryScore":67.7,"qualityScore":79.8,"businessName":"Pacific Trade Co.","timestamp":"2026-08-19T00:12:44.918Z"}
[2026-08-19T00:13:14.919Z] EMIT trust:score_updated → business:biz_5 {"businessId":"biz_5","overallScore":77,"paymentScore":77.5,"deliveryScore":85.3,"qualityScore":68,"businessName":"Dubai Golden Trade","timestamp":"2026-08-19T00:13:14.918Z"}
[2026-08-19T00:13:44.927Z] EMIT trust:score_updated → business:biz_4 {"businessId":"biz_4","overallScore":85.1,"paymentScore":75.8,"deliveryScore":96.4,"qualityScore":86.1,"businessName":"London Bridge Imports","timestamp":"2026-08-19T00:13:44.927Z"}
[2026-08-19T00:14:14.928Z] EMIT trust:score_updated → business:biz_2 {"businessId":"biz_2","overallScore":76.5,"paymentScore":68.6,"deliveryScore":89.2,"qualityScore":74.5,"businessName":"Berlin Industrie GmbH","timestamp":"2026-08-19T00:14:14.928Z"}
[2026-08-19T00:14:44.928Z] EMIT trust:score_updated → business:biz_8 {"businessId":"biz_8","overallScore":85,"paymentScore":88.1,"deliveryScore":70.4,"qualityScore":95.6,"businessName":"Mumbai Textile Mills","timestamp":"2026-08-19T00:14:44.928Z"}
[2026-08-19T00:15:14.929Z] EMIT trust:score_updated → business:biz_4 {"businessId":"biz_4","overallScore":73.2,"paymentScore":78.3,"deliveryScore":71.5,"qualityScore":68.2,"businessName":"London Bridge Imports","timestamp":"2026-08-19T00:15:14.928Z"}
[2026-08-19T00:15:44.928Z] EMIT trust:score_updated → business:biz_7 {"businessId":"biz_7","overallScore":91.4,"paymentScore":88.6,"deliveryScore":88.6,"qualityScore":98.1,"businessName":"Singapore Global Pte","timestamp":"2026-08-19T00:15:44.928Z"}
[2026-08-19T00:16:14.942Z] EMIT trust:score_updated → business:biz_1 {"businessId":"biz_1","overallScore":75.2,"paymentScore":89.3,"deliveryScore":63.2,"qualityScore":68.3,"businessName":"Pacific Trade Co.","timestamp":"2026-08-19T00:16:14.942Z"}
[2026-08-19T00:16:44.943Z] EMIT trust:score_updated → business:biz_2 {"businessId":"biz_2","overallScore":84.8,"paymentScore":98.9,"deliveryScore":62.1,"qualityScore":88.6,"businessName":"Berlin Industrie GmbH","timestamp":"2026-08-19T00:16:44.943Z"}
[2026-08-19T00:17:14.943Z] EMIT trust:score_updated → business:biz_4 {"businessId":"biz_4","overallScore":70.2,"paymentScore":71.7,"deliveryScore":69.7,"qualityScore":68.6,"businessName":"London Bridge Imports","timestamp":"2026-08-19T00:17:14.942Z"}
[2026-08-19T00:17:44.943Z] EMIT trust:score_updated → business:biz_9 {"businessId":"biz_9","overallScore":82.2,"paymentScore":96.5,"deliveryScore":60.7,"qualityScore":84.6,"businessName":"São Paulo Agro Ltd.","timestamp":"2026-08-19T00:17:44.942Z"}
[2026-08-19T00:18:14.943Z] EMIT trust:score_updated → business:biz_6 {"businessId":"biz_6","overallScore":79.9,"paymentScore":92.4,"deliveryScore":61,"qualityScore":82,"businessName":"Tokyo Electronics Ltd.","timestamp":"2026-08-19T00:18:14.943Z"}
[2026-08-19T00:18:44.943Z] EMIT trust:score_updated → business:biz_7 {"businessId":"biz_7","overallScore":81.7,"paymentScore":79.1,"deliveryScore":73.6,"qualityScore":93.2,"businessName":"Singapore Global Pte","timestamp":"2026-08-19T00:18:44.943Z"}
[2026-08-19T00:19:14.943Z] EMIT trust:score_updated → business:biz_7 {"businessId":"biz_7","overallScore":72,"paymentScore":72.8,"deliveryScore":73.3,"qualityScore":69.7,"businessName":"Singapore Global Pte","timestamp":"2026-08-19T00:19:14.943Z"}
[2026-08-19T00:19:44.944Z] EMIT trust:score_updated → business:biz_4 {"businessId":"biz_4","overallScore":83,"paymentScore":76.6,"deliveryScore":91.8,"qualityScore":82.8,"businessName":"London Bridge Imports","timestamp":"2026-08-19T00:19:44.944Z"}
[2026-08-19T00:20:14.944Z] EMIT trust:score_updated → business:biz_8 {"businessId":"biz_8","overallScore":88.3,"paymentScore":82.1,"deliveryScore":89.6,"qualityScore":95.4,"businessName":"Mumbai Textile Mills","timestamp":"2026-08-19T00:20:14.944Z"}
[2026-08-19T00:20:44.958Z] EMIT trust:score_updated → business:biz_3 {"businessId":"biz_3","overallScore":79.6,"paymentScore":69,"deliveryScore":84.5,"qualityScore":88.9,"businessName":"Shenzhen Tech Solutions","timestamp":"2026-08-19T00:20:44.958Z"}
[2026-08-19T00:21:14.959Z] EMIT trust:score_updated → business:biz_1 {"businessId":"biz_1","overallScore":71.2,"paymentScore":66.6,"deliveryScore":78.4,"qualityScore":70.2,"businessName":"Pacific Trade Co.","timestamp":"2026-08-19T00:21:14.959Z"}
[2026-08-19T00:21:44.959Z] EMIT trust:score_updated → business:biz_9 {"businessId":"biz_9","overallScore":71.5,"paymentScore":69.6,"deliveryScore":77.7,"qualityScore":67.7,"businessName":"São Paulo Agro Ltd.","timestamp":"2026-08-19T00:21:44.958Z"}
[2026-08-19T00:22:14.973Z] EMIT trust:score_updated → business:biz_9 {"businessId":"biz_9","overallScore":89.3,"paymentScore":98.2,"deliveryScore":69.4,"qualityScore":97.2,"businessName":"São Paulo Agro Ltd.","timestamp":"2026-08-19T00:22:14.973Z"}
[2026-08-19T00:22:44.974Z] EMIT trust:score_updated → business:biz_6 {"businessId":"biz_6","overallScore":74.5,"paymentScore":68,"deliveryScore":62.3,"qualityScore":95.5,"businessName":"Tokyo Electronics Ltd.","timestamp":"2026-08-19T00:22:44.974Z"}
[2026-08-19T00:23:14.975Z] EMIT trust:score_updated → business:biz_1 {"businessId":"biz_1","overallScore":77,"paymentScore":67.8,"deliveryScore":68.4,"qualityScore":98,"businessName":"Pacific Trade Co.","timestamp":"2026-08-19T00:23:14.975Z"}
[2026-08-19T00:23:44.975Z] EMIT trust:score_updated → business:biz_6 {"businessId":"biz_6","overallScore":82.1,"paymentScore":94.2,"deliveryScore":80.8,"qualityScore":67.2,"businessName":"Tokyo Electronics Ltd.","timestamp":"2026-08-19T00:23:44.975Z"}
[2026-08-19T00:24:14.976Z] EMIT trust:score_updated → business:biz_6 {"businessId":"biz_6","overallScore":70.4,"paymentScore":67.3,"deliveryScore":63.3,"qualityScore":81.8,"businessName":"Tokyo Electronics Ltd.","timestamp":"2026-08-19T00:24:14.976Z"}
[2026-08-19T00:24:44.977Z] EMIT trust:score_updated → business:biz_7 {"businessId":"biz_7","overallScore":82.9,"paymentScore":94.6,"deliveryScore":61.4,"qualityScore":88.7,"businessName":"Singapore Global Pte","timestamp":"2026-08-19T00:24:44.977Z"}
[2026-08-19T00:25:14.977Z] EMIT trust:score_updated → business:biz_2 {"businessId":"biz_2","overallScore":89.1,"paymentScore":97.8,"deliveryScore":74.9,"qualityScore":91.6,"businessName":"Berlin Industrie GmbH","timestamp":"2026-08-19T00:25:14.977Z"}
[2026-08-19T00:25:44.978Z] EMIT trust:score_updated → business:biz_10 {"businessId":"biz_10","overallScore":73.3,"paymentScore":68.8,"deliveryScore":72.4,"qualityScore":80.2,"businessName":"Lagos Trade Hub","timestamp":"2026-08-19T00:25:44.978Z"}
[2026-08-19T00:26:14.979Z] EMIT trust:score_updated → business:biz_1 {"businessId":"biz_1","overallScore":84.7,"paymentScore":97.6,"deliveryScore":80.3,"qualityScore":71.9,"businessName":"Pacific Trade Co.","timestamp":"2026-08-19T00:26:14.979Z"}
[2026-08-19T00:26:44.980Z] EMIT trust:score_updated → business:biz_5 {"businessId":"biz_5","overallScore":72.4,"paymentScore":74.8,"deliveryScore":60.4,"qualityScore":81.3,"businessName":"Dubai Golden Trade","timestamp":"2026-08-19T00:26:44.979Z"}
[2026-08-19T00:27:14.980Z] EMIT trust:score_updated → business:biz_8 {"businessId":"biz_8","overallScore":92.3,"paymentScore":96.6,"deliveryScore":91.8,"qualityScore":87,"businessName":"Mumbai Textile Mills","timestamp":"2026-08-19T00:27:14.980Z"}
[2026-08-19T00:27:44.981Z] EMIT trust:score_updated → business:biz_1 {"businessId":"biz_1","overallScore":89.8,"paymentScore":92.7,"deliveryScore":91.6,"qualityScore":84.2,"businessName":"Pacific Trade Co.","timestamp":"2026-08-19T00:27:44.981Z"}
[2026-08-19T00:28:14.982Z] EMIT trust:score_updated → business:biz_8 {"businessId":"biz_8","overallScore":78,"paymentScore":75.6,"deliveryScore":75.4,"qualityScore":83.7,"businessName":"Mumbai Textile Mills","timestamp":"2026-08-19T00:28:14.982Z"}
[2026-08-19T00:28:44.982Z] EMIT trust:score_updated → business:biz_6 {"businessId":"biz_6","overallScore":87.4,"paymentScore":88.1,"deliveryScore":86.7,"qualityScore":87.2,"businessName":"Tokyo Electronics Ltd.","timestamp":"2026-08-19T00:28:44.982Z"}
[2026-08-19T00:29:14.983Z] EMIT trust:score_updated → business:biz_3 {"businessId":"biz_3","overallScore":93.6,"paymentScore":93.6,"deliveryScore":92.2,"qualityScore":94.9,"businessName":"Shenzhen Tech Solutions","timestamp":"2026-08-19T00:29:14.983Z"}
[2026-08-19T00:29:44.984Z] EMIT trust:score_updated → business:biz_1 {"businessId":"biz_1","overallScore":85.7,"paymentScore":93.3,"deliveryScore":65.9,"qualityScore":95.2,"businessName":"Pacific Trade Co.","timestamp":"2026-08-19T00:29:44.984Z"}
[2026-08-19T00:30:14.985Z] EMIT trust:score_updated → business:biz_4 {"businessId":"biz_4","overallScore":82.6,"paymentScore":76.8,"deliveryScore":94.7,"qualityScore":78.1,"businessName":"London Bridge Imports","timestamp":"2026-08-19T00:30:14.985Z"}
[2026-08-19T00:30:44.986Z] EMIT trust:score_updated → business:biz_4 {"businessId":"biz_4","overallScore":83.5,"paymentScore":75.7,"deliveryScore":81.6,"qualityScore":95.7,"businessName":"London Bridge Imports","timestamp":"2026-08-19T00:30:44.985Z"}
[2026-08-19T00:31:14.987Z] EMIT trust:score_updated → business:biz_9 {"businessId":"biz_9","overallScore":82,"paymentScore":70,"deliveryScore":92.3,"qualityScore":87.6,"businessName":"São Paulo Agro Ltd.","timestamp":"2026-08-19T00:31:14.987Z"}
[2026-08-19T00:31:44.987Z] EMIT trust:score_updated → business:biz_5 {"businessId":"biz_5","overallScore":90.5,"paymentScore":89.2,"deliveryScore":93.3,"qualityScore":89.5,"businessName":"Dubai Golden Trade","timestamp":"2026-08-19T00:31:44.987Z"}
[2026-08-19T00:32:14.988Z] EMIT trust:score_updated → business:biz_4 {"businessId":"biz_4","overallScore":89.6,"paymentScore":99.7,"deliveryScore":67.8,"qualityScore":97.8,"businessName":"London Bridge Imports","timestamp":"2026-08-19T00:32:14.988Z"}
[2026-08-19T00:32:44.989Z] EMIT trust:score_updated → business:biz_7 {"businessId":"biz_7","overallScore":80.6,"paymentScore":88.1,"deliveryScore":69,"qualityScore":82.3,"businessName":"Singapore Global Pte","timestamp":"2026-08-19T00:32:44.989Z"}
[2026-08-19T00:33:15.002Z] EMIT trust:score_updated → business:biz_10 {"businessId":"biz_10","overallScore":76.4,"paymentScore":66.6,"deliveryScore":77.6,"qualityScore":88.4,"businessName":"Lagos Trade Hub","timestamp":"2026-08-19T00:33:15.002Z"}
[2026-08-19T00:33:45.015Z] EMIT trust:score_updated → business:biz_9 {"businessId":"biz_9","overallScore":89.2,"paymentScore":94.1,"deliveryScore":72.8,"qualityScore":99.1,"businessName":"São Paulo Agro Ltd.","timestamp":"2026-08-19T00:33:45.015Z"}
[2026-08-19T00:34:15.028Z] EMIT trust:score_updated → business:biz_9 {"businessId":"biz_9","overallScore":74.9,"paymentScore":88.7,"deliveryScore":63.4,"qualityScore":67.9,"businessName":"São Paulo Agro Ltd.","timestamp":"2026-08-19T00:34:15.027Z"}
[2026-08-19T00:34:45.041Z] EMIT trust:score_updated → business:biz_5 {"businessId":"biz_5","overallScore":90.7,"paymentScore":97.3,"deliveryScore":98.9,"qualityScore":73.6,"businessName":"Dubai Golden Trade","timestamp":"2026-08-19T00:34:45.040Z"}
[2026-08-19T00:35:15.051Z] EMIT trust:score_updated → business:biz_8 {"businessId":"biz_8","overallScore":88.7,"paymentScore":98,"deliveryScore":69.3,"qualityScore":95.8,"businessName":"Mumbai Textile Mills","timestamp":"2026-08-19T00:35:15.051Z"}
[2026-08-19T00:35:45.052Z] EMIT trust:score_updated → business:biz_9 {"businessId":"biz_9","overallScore":86.7,"paymentScore":90.1,"deliveryScore":71.4,"qualityScore":97.6,"businessName":"São Paulo Agro Ltd.","timestamp":"2026-08-19T00:35:45.051Z"}
[2026-08-19T00:36:15.065Z] EMIT trust:score_updated → business:biz_7 {"businessId":"biz_7","overallScore":81.5,"paymentScore":68.1,"deliveryScore":89.6,"qualityScore":91.4,"businessName":"Singapore Global Pte","timestamp":"2026-08-19T00:36:15.065Z"}
[2026-08-19T00:36:45.079Z] EMIT trust:score_updated → business:biz_2 {"businessId":"biz_2","overallScore":90.3,"paymentScore":95.9,"deliveryScore":77,"qualityScore":96,"businessName":"Berlin Industrie GmbH","timestamp":"2026-08-19T00:36:45.079Z"}
[2026-08-19T00:37:15.093Z] EMIT trust:score_updated → business:biz_4 {"businessId":"biz_4","overallScore":83.2,"paymentScore":95.4,"deliveryScore":84.5,"qualityScore":65.6,"businessName":"London Bridge Imports","timestamp":"2026-08-19T00:37:15.093Z"}
[2026-08-19T00:37:45.107Z] EMIT trust:score_updated → business:biz_8 {"businessId":"biz_8","overallScore":72.9,"paymentScore":81.1,"deliveryScore":69.3,"qualityScore":65.6,"businessName":"Mumbai Textile Mills","timestamp":"2026-08-19T00:37:45.107Z"}
[2026-08-19T00:38:15.110Z] EMIT trust:score_updated → business:biz_1 {"businessId":"biz_1","overallScore":81.3,"paymentScore":70.3,"deliveryScore":85.2,"qualityScore":92.2,"businessName":"Pacific Trade Co.","timestamp":"2026-08-19T00:38:15.110Z"}
[2026-08-19T00:38:45.115Z] EMIT trust:score_updated → business:biz_6 {"businessId":"biz_6","overallScore":79.9,"paymentScore":70.5,"deliveryScore":86.2,"qualityScore":86,"businessName":"Tokyo Electronics Ltd.","timestamp":"2026-08-19T00:38:45.115Z"}
[2026-08-19T00:39:15.129Z] EMIT trust:score_updated → business:biz_10 {"businessId":"biz_10","overallScore":76.8,"paymentScore":94.1,"deliveryScore":61.6,"qualityScore":68.8,"businessName":"Lagos Trade Hub","timestamp":"2026-08-19T00:39:15.129Z"}
[2026-08-19T00:39:45.143Z] EMIT trust:score_updated → business:biz_5 {"businessId":"biz_5","overallScore":94.4,"paymentScore":92.3,"deliveryScore":92.7,"qualityScore":99,"businessName":"Dubai Golden Trade","timestamp":"2026-08-19T00:39:45.143Z"}
[2026-08-19T00:40:15.157Z] EMIT trust:score_updated → business:biz_8 {"businessId":"biz_8","overallScore":82.8,"paymentScore":74.4,"deliveryScore":92.6,"qualityScore":84.3,"businessName":"Mumbai Textile Mills","timestamp":"2026-08-19T00:40:15.157Z"}
[2026-08-19T00:40:45.171Z] EMIT trust:score_updated → business:biz_5 {"businessId":"biz_5","overallScore":67.8,"paymentScore":70,"deliveryScore":67.1,"qualityScore":65.7,"businessName":"Dubai Golden Trade","timestamp":"2026-08-19T00:40:45.171Z"}
[2026-08-19T00:41:15.185Z] EMIT trust:score_updated → business:biz_3 {"businessId":"biz_3","overallScore":87.1,"paymentScore":98.8,"deliveryScore":84.1,"qualityScore":74.6,"businessName":"Shenzhen Tech Solutions","timestamp":"2026-08-19T00:41:15.185Z"}
[2026-08-19T00:41:45.199Z] EMIT trust:score_updated → business:biz_1 {"businessId":"biz_1","overallScore":89.4,"paymentScore":91.4,"deliveryScore":91.5,"qualityScore":84.6,"businessName":"Pacific Trade Co.","timestamp":"2026-08-19T00:41:45.199Z"}
[2026-08-19T00:42:15.214Z] EMIT trust:score_updated → business:biz_3 {"businessId":"biz_3","overallScore":75,"paymentScore":89.5,"deliveryScore":63.1,"qualityScore":67.4,"businessName":"Shenzhen Tech Solutions","timestamp":"2026-08-19T00:42:15.213Z"}
[2026-08-19T00:42:45.228Z] EMIT trust:score_updated → business:biz_8 {"businessId":"biz_8","overallScore":70.9,"paymentScore":65.3,"deliveryScore":83.2,"qualityScore":66.1,"businessName":"Mumbai Textile Mills","timestamp":"2026-08-19T00:42:45.228Z"}
[2026-08-19T00:43:15.242Z] EMIT trust:score_updated → business:biz_6 {"businessId":"biz_6","overallScore":83,"paymentScore":83.5,"deliveryScore":79.6,"qualityScore":85.9,"businessName":"Tokyo Electronics Ltd.","timestamp":"2026-08-19T00:43:15.242Z"}
[2026-08-19T00:43:45.256Z] EMIT trust:score_updated → business:biz_6 {"businessId":"biz_6","overallScore":72.5,"paymentScore":74.3,"deliveryScore":69.1,"qualityScore":73.5,"businessName":"Tokyo Electronics Ltd.","timestamp":"2026-08-19T00:43:45.256Z"}
[2026-08-19T00:44:15.270Z] EMIT trust:score_updated → business:biz_4 {"businessId":"biz_4","overallScore":81.6,"paymentScore":82,"deliveryScore":77.3,"qualityScore":85.5,"businessName":"London Bridge Imports","timestamp":"2026-08-19T00:44:15.270Z"}
[2026-08-19T00:44:45.285Z] EMIT trust:score_updated → business:biz_8 {"businessId":"biz_8","overallScore":84,"paymentScore":78.8,"deliveryScore":79.4,"qualityScore":95.5,"businessName":"Mumbai Textile Mills","timestamp":"2026-08-19T00:44:45.284Z"}
[2026-08-19T00:45:15.296Z] EMIT trust:score_updated → business:biz_9 {"businessId":"biz_9","overallScore":72.6,"paymentScore":71.7,"deliveryScore":73.8,"qualityScore":72.6,"businessName":"São Paulo Agro Ltd.","timestamp":"2026-08-19T00:45:15.295Z"}
[2026-08-19T00:45:45.300Z] EMIT trust:score_updated → business:biz_4 {"businessId":"biz_4","overallScore":85.2,"paymentScore":86.8,"deliveryScore":72.8,"qualityScore":95.6,"businessName":"London Bridge Imports","timestamp":"2026-08-19T00:45:45.300Z"}
[2026-08-19T00:46:15.314Z] EMIT trust:score_updated → business:biz_4 {"businessId":"biz_4","overallScore":78.2,"paymentScore":80.7,"deliveryScore":73.8,"qualityScore":79.4,"businessName":"London Bridge Imports","timestamp":"2026-08-19T00:46:15.314Z"}
[2026-08-19T00:46:45.328Z] EMIT trust:score_updated → business:biz_2 {"businessId":"biz_2","overallScore":78.3,"paymentScore":65.5,"deliveryScore":94.1,"qualityScore":79.4,"businessName":"Berlin Industrie GmbH","timestamp":"2026-08-19T00:46:45.328Z"}
[2026-08-19T00:47:15.338Z] EMIT trust:score_updated → business:biz_7 {"businessId":"biz_7","overallScore":88.4,"paymentScore":99.4,"deliveryScore":66.5,"qualityScore":95.5,"businessName":"Singapore Global Pte","timestamp":"2026-08-19T00:47:15.338Z"}
[2026-08-19T00:47:45.352Z] EMIT trust:score_updated → business:biz_6 {"businessId":"biz_6","overallScore":85.8,"paymentScore":95.9,"deliveryScore":77.1,"qualityScore":81.1,"businessName":"Tokyo Electronics Ltd.","timestamp":"2026-08-19T00:47:45.352Z"}
[2026-08-19T00:48:15.366Z] EMIT trust:score_updated → business:biz_5 {"businessId":"biz_5","overallScore":83.7,"paymentScore":84,"deliveryScore":70.3,"qualityScore":96.7,"businessName":"Dubai Golden Trade","timestamp":"2026-08-19T00:48:15.366Z"}
[2026-08-19T00:48:45.380Z] EMIT trust:score_updated → business:biz_3 {"businessId":"biz_3","overallScore":75.7,"paymentScore":79.5,"deliveryScore":71.8,"qualityScore":74.6,"businessName":"Shenzhen Tech Solutions","timestamp":"2026-08-19T00:48:45.380Z"}
[2026-08-19T00:49:15.394Z] EMIT trust:score_updated → business:biz_4 {"businessId":"biz_4","overallScore":86.6,"paymentScore":92,"deliveryScore":74.2,"qualityScore":91.8,"businessName":"London Bridge Imports","timestamp":"2026-08-19T00:49:15.394Z"}
[2026-08-19T00:49:45.408Z] EMIT trust:score_updated → business:biz_2 {"businessId":"biz_2","overallScore":92.1,"paymentScore":82.5,"deliveryScore":97.6,"qualityScore":99.5,"businessName":"Berlin Industrie GmbH","timestamp":"2026-08-19T00:49:45.408Z"}
[2026-08-19T00:50:15.422Z] EMIT trust:score_updated → business:biz_10 {"businessId":"biz_10","overallScore":70.3,"paymentScore":77.3,"deliveryScore":60.9,"qualityScore":70.5,"businessName":"Lagos Trade Hub","timestamp":"2026-08-19T00:50:15.422Z"}
[2026-08-19T00:50:45.423Z] EMIT trust:score_updated → business:biz_1 {"businessId":"biz_1","overallScore":72.5,"paymentScore":69.9,"deliveryScore":70.5,"qualityScore":77.8,"businessName":"Pacific Trade Co.","timestamp":"2026-08-19T00:50:45.423Z"}
[2026-08-19T00:51:15.437Z] EMIT trust:score_updated → business:biz_1 {"businessId":"biz_1","overallScore":88.5,"paymentScore":78.4,"deliveryScore":96.8,"qualityScore":93.7,"businessName":"Pacific Trade Co.","timestamp":"2026-08-19T00:51:15.436Z"}
[2026-08-19T00:51:45.450Z] EMIT trust:score_updated → business:biz_7 {"businessId":"biz_7","overallScore":74.6,"paymentScore":67.2,"deliveryScore":73.7,"qualityScore":85.3,"businessName":"Singapore Global Pte","timestamp":"2026-08-19T00:51:45.449Z"}
[2026-08-19T00:52:15.452Z] EMIT trust:score_updated → business:biz_1 {"businessId":"biz_1","overallScore":71.9,"paymentScore":65.3,"deliveryScore":78.2,"qualityScore":74.4,"businessName":"Pacific Trade Co.","timestamp":"2026-08-19T00:52:15.452Z"}
[2026-08-19T00:52:45.453Z] EMIT trust:score_updated → business:biz_9 {"businessId":"biz_9","overallScore":82.1,"paymentScore":83.4,"deliveryScore":72,"qualityScore":90.4,"businessName":"São Paulo Agro Ltd.","timestamp":"2026-08-19T00:52:45.453Z"}
[2026-08-19T00:53:15.453Z] EMIT trust:score_updated → business:biz_10 {"businessId":"biz_10","overallScore":83.7,"paymentScore":91,"deliveryScore":82.9,"qualityScore":74.8,"businessName":"Lagos Trade Hub","timestamp":"2026-08-19T00:53:15.453Z"}
[2026-08-19T00:53:45.467Z] EMIT trust:score_updated → business:biz_10 {"businessId":"biz_10","overallScore":87.7,"paymentScore":74.8,"deliveryScore":99.2,"qualityScore":93.5,"businessName":"Lagos Trade Hub","timestamp":"2026-08-19T00:53:45.467Z"}
[2026-08-19T00:54:15.481Z] EMIT trust:score_updated → business:biz_3 {"businessId":"biz_3","overallScore":85.8,"paymentScore":79,"deliveryScore":81.6,"qualityScore":99,"businessName":"Shenzhen Tech Solutions","timestamp":"2026-08-19T00:54:15.481Z"}
[2026-08-19T00:54:45.495Z] EMIT trust:score_updated → business:biz_1 {"businessId":"biz_1","overallScore":94.5,"paymentScore":99.5,"deliveryScore":92,"qualityScore":90.3,"businessName":"Pacific Trade Co.","timestamp":"2026-08-19T00:54:45.495Z"}
[2026-08-19T00:55:15.509Z] EMIT trust:score_updated → business:biz_9 {"businessId":"biz_9","overallScore":81.2,"paymentScore":85.2,"deliveryScore":85.9,"qualityScore":71.1,"businessName":"São Paulo Agro Ltd.","timestamp":"2026-08-19T00:55:15.509Z"}
[2026-08-19T00:55:45.510Z] EMIT trust:score_updated → business:biz_8 {"businessId":"biz_8","overallScore":76.7,"paymentScore":73.3,"deliveryScore":85.8,"qualityScore":72.1,"businessName":"Mumbai Textile Mills","timestamp":"2026-08-19T00:55:45.510Z"}
[2026-08-19T00:56:15.514Z] EMIT trust:score_updated → business:biz_5 {"businessId":"biz_5","overallScore":76.8,"paymentScore":91.1,"deliveryScore":64.1,"qualityScore":70.3,"businessName":"Dubai Golden Trade","timestamp":"2026-08-19T00:56:15.513Z"}
[2026-08-19T00:56:45.527Z] EMIT trust:score_updated → business:biz_1 {"businessId":"biz_1","overallScore":81.7,"paymentScore":79.5,"deliveryScore":96.5,"qualityScore":69.7,"businessName":"Pacific Trade Co.","timestamp":"2026-08-19T00:56:45.527Z"}
[2026-08-19T00:57:15.546Z] EMIT trust:score_updated → business:biz_5 {"businessId":"biz_5","overallScore":76.6,"paymentScore":68,"deliveryScore":68.3,"qualityScore":96.5,"businessName":"Dubai Golden Trade","timestamp":"2026-08-19T00:57:15.546Z"}
[2026-08-19T00:57:45.555Z] EMIT trust:score_updated → business:biz_3 {"businessId":"biz_3","overallScore":79,"paymentScore":80.5,"deliveryScore":61.8,"qualityScore":94.3,"businessName":"Shenzhen Tech Solutions","timestamp":"2026-08-19T00:57:45.555Z"}
[2026-08-19T00:58:15.558Z] EMIT trust:score_updated → business:biz_3 {"businessId":"biz_3","overallScore":81.8,"paymentScore":73.1,"deliveryScore":84.4,"qualityScore":90.8,"businessName":"Shenzhen Tech Solutions","timestamp":"2026-08-19T00:58:15.558Z"}
[2026-08-19T00:58:45.572Z] EMIT trust:score_updated → business:biz_6 {"businessId":"biz_6","overallScore":89.5,"paymentScore":97.4,"deliveryScore":98.6,"qualityScore":69.9,"businessName":"Tokyo Electronics Ltd.","timestamp":"2026-08-19T00:58:45.572Z"}
[2026-08-19T00:59:15.586Z] EMIT trust:score_updated → business:biz_10 {"businessId":"biz_10","overallScore":73.2,"paymentScore":75.9,"deliveryScore":64.5,"qualityScore":78.3,"businessName":"Lagos Trade Hub","timestamp":"2026-08-19T00:59:15.586Z"}
[2026-08-19T00:59:45.600Z] EMIT trust:score_updated → business:biz_6 {"businessId":"biz_6","overallScore":80.4,"paymentScore":71.2,"deliveryScore":99.5,"qualityScore":73.7,"businessName":"Tokyo Electronics Ltd.","timestamp":"2026-08-19T00:59:45.600Z"}
[2026-08-19T01:00:15.614Z] EMIT trust:score_updated → business:biz_4 {"businessId":"biz_4","overallScore":84.3,"paymentScore":82.9,"deliveryScore":86.7,"qualityScore":83.9,"businessName":"London Bridge Imports","timestamp":"2026-08-19T01:00:15.614Z"}
[2026-08-19T01:00:45.628Z] EMIT trust:score_updated → business:biz_10 {"businessId":"biz_10","overallScore":81.6,"paymentScore":93.2,"deliveryScore":75.4,"qualityScore":72.3,"businessName":"Lagos Trade Hub","timestamp":"2026-08-19T01:00:45.628Z"}
[2026-08-19T01:01:15.642Z] EMIT trust:score_updated → business:biz_7 {"businessId":"biz_7","overallScore":72.8,"paymentScore":84.6,"deliveryScore":64,"qualityScore":65.9,"businessName":"Singapore Global Pte","timestamp":"2026-08-19T01:01:15.642Z"}
[2026-08-19T01:01:45.656Z] EMIT trust:score_updated → business:biz_5 {"businessId":"biz_5","overallScore":93.1,"paymentScore":97.4,"deliveryScore":98,"qualityScore":82.6,"businessName":"Dubai Golden Trade","timestamp":"2026-08-19T01:01:45.656Z"}
[2026-08-19T01:02:15.670Z] EMIT trust:score_updated → business:biz_4 {"businessId":"biz_4","overallScore":78.6,"paymentScore":84.4,"deliveryScore":61.8,"qualityScore":87.6,"businessName":"London Bridge Imports","timestamp":"2026-08-19T01:02:15.670Z"}
[2026-08-19T01:02:45.684Z] EMIT trust:score_updated → business:biz_10 {"businessId":"biz_10","overallScore":69.1,"paymentScore":66.3,"deliveryScore":69.5,"qualityScore":72.6,"businessName":"Lagos Trade Hub","timestamp":"2026-08-19T01:02:45.684Z"}
[2026-08-19T01:03:15.698Z] EMIT trust:score_updated → business:biz_5 {"businessId":"biz_5","overallScore":77.6,"paymentScore":68.5,"deliveryScore":97,"qualityScore":70.3,"businessName":"Dubai Golden Trade","timestamp":"2026-08-19T01:03:15.698Z"}
[2026-08-19T01:03:45.712Z] EMIT trust:score_updated → business:biz_4 {"businessId":"biz_4","overallScore":89.3,"paymentScore":92.2,"deliveryScore":81.8,"qualityScore":92.9,"businessName":"London Bridge Imports","timestamp":"2026-08-19T01:03:45.712Z"}
[2026-08-19T01:04:15.721Z] EMIT trust:score_updated → business:biz_6 {"businessId":"biz_6","overallScore":81.2,"paymentScore":96.2,"deliveryScore":68.8,"qualityScore":73.5,"businessName":"Tokyo Electronics Ltd.","timestamp":"2026-08-19T01:04:15.721Z"}
[2026-08-19T01:04:45.734Z] EMIT trust:score_updated → business:biz_6 {"businessId":"biz_6","overallScore":88.1,"paymentScore":85.2,"deliveryScore":98.3,"qualityScore":81.9,"businessName":"Tokyo Electronics Ltd.","timestamp":"2026-08-19T01:04:45.734Z"}
[2026-08-19T01:05:15.748Z] EMIT trust:score_updated → business:biz_5 {"businessId":"biz_5","overallScore":70.8,"paymentScore":77.7,"deliveryScore":66.5,"qualityScore":66,"businessName":"Dubai Golden Trade","timestamp":"2026-08-19T01:05:15.748Z"}
[2026-08-19T01:05:45.762Z] EMIT trust:score_updated → business:biz_8 {"businessId":"biz_8","overallScore":87.5,"paymentScore":99.3,"deliveryScore":66.6,"qualityScore":92.8,"businessName":"Mumbai Textile Mills","timestamp":"2026-08-19T01:05:45.762Z"}
[2026-08-19T01:06:15.770Z] EMIT trust:score_updated → business:biz_9 {"businessId":"biz_9","overallScore":78.7,"paymentScore":98.6,"deliveryScore":61.9,"qualityScore":68.9,"businessName":"São Paulo Agro Ltd.","timestamp":"2026-08-19T01:06:15.770Z"}
[2026-08-19T01:06:45.771Z] EMIT trust:score_updated → business:biz_7 {"businessId":"biz_7","overallScore":80.8,"paymentScore":86.6,"deliveryScore":69.2,"qualityScore":84.8,"businessName":"Singapore Global Pte","timestamp":"2026-08-19T01:06:45.771Z"}
[2026-08-19T01:07:15.783Z] EMIT trust:score_updated → business:biz_7 {"businessId":"biz_7","overallScore":68.2,"paymentScore":67.8,"deliveryScore":63.4,"qualityScore":73.6,"businessName":"Singapore Global Pte","timestamp":"2026-08-19T01:07:15.783Z"}
[2026-08-19T01:07:45.795Z] EMIT trust:score_updated → business:biz_9 {"businessId":"biz_9","overallScore":89.7,"paymentScore":82.1,"deliveryScore":96,"qualityScore":93.5,"businessName":"São Paulo Agro Ltd.","timestamp":"2026-08-19T01:07:45.795Z"}
[2026-08-19T01:08:15.808Z] EMIT trust:score_updated → business:biz_9 {"businessId":"biz_9","overallScore":70.8,"paymentScore":80.8,"deliveryScore":60.8,"qualityScore":67.4,"businessName":"São Paulo Agro Ltd.","timestamp":"2026-08-19T01:08:15.808Z"}
[2026-08-19T01:08:45.814Z] EMIT trust:score_updated → business:biz_3 {"businessId":"biz_3","overallScore":75.9,"paymentScore":72.4,"deliveryScore":89.8,"qualityScore":66.7,"businessName":"Shenzhen Tech Solutions","timestamp":"2026-08-19T01:08:45.814Z"}
[2026-08-19T01:09:15.827Z] EMIT trust:score_updated → business:biz_4 {"businessId":"biz_4","overallScore":79.8,"paymentScore":79.4,"deliveryScore":83.4,"qualityScore":76.8,"businessName":"London Bridge Imports","timestamp":"2026-08-19T01:09:15.827Z"}
[2026-08-19T01:09:45.840Z] EMIT trust:score_updated → business:biz_7 {"businessId":"biz_7","overallScore":70,"paymentScore":65.9,"deliveryScore":64.8,"qualityScore":80.6,"businessName":"Singapore Global Pte","timestamp":"2026-08-19T01:09:45.840Z"}
[2026-08-19T01:10:15.853Z] EMIT trust:score_updated → business:biz_10 {"businessId":"biz_10","overallScore":86.2,"paymentScore":94.9,"deliveryScore":91.2,"qualityScore":69.6,"businessName":"Lagos Trade Hub","timestamp":"2026-08-19T01:10:15.853Z"}
[2026-08-19T01:10:45.861Z] EMIT trust:score_updated → business:biz_9 {"businessId":"biz_9","overallScore":82.9,"paymentScore":98.7,"deliveryScore":62.5,"qualityScore":82.2,"businessName":"São Paulo Agro Ltd.","timestamp":"2026-08-19T01:10:45.861Z"}
[2026-08-19T01:11:15.872Z] EMIT trust:score_updated → business:biz_8 {"businessId":"biz_8","overallScore":82.3,"paymentScore":89,"deliveryScore":79.5,"qualityScore":76,"businessName":"Mumbai Textile Mills","timestamp":"2026-08-19T01:11:15.872Z"}
[2026-08-19T01:11:45.885Z] EMIT trust:score_updated → business:biz_4 {"businessId":"biz_4","overallScore":85.3,"paymentScore":77.2,"deliveryScore":88.3,"qualityScore":93.1,"businessName":"London Bridge Imports","timestamp":"2026-08-19T01:11:45.885Z"}
[2026-08-19T01:12:15.898Z] EMIT trust:score_updated → business:biz_9 {"businessId":"biz_9","overallScore":76.9,"paymentScore":75.9,"deliveryScore":87.7,"qualityScore":67.3,"businessName":"São Paulo Agro Ltd.","timestamp":"2026-08-19T01:12:15.898Z"}
[2026-08-19T01:12:45.900Z] EMIT trust:score_updated → business:biz_2 {"businessId":"biz_2","overallScore":74.5,"paymentScore":70.8,"deliveryScore":84.8,"qualityScore":69.2,"businessName":"Berlin Industrie GmbH","timestamp":"2026-08-19T01:12:45.900Z"}
[2026-08-19T01:13:15.906Z] EMIT trust:score_updated → business:biz_7 {"businessId":"biz_7","overallScore":78.4,"paymentScore":95.5,"deliveryScore":62.7,"qualityScore":71.2,"businessName":"Singapore Global Pte","timestamp":"2026-08-19T01:13:15.906Z"}
[2026-08-19T01:13:45.911Z] EMIT trust:score_updated → business:biz_8 {"businessId":"biz_8","overallScore":75.7,"paymentScore":80.9,"deliveryScore":72,"qualityScore":72.5,"businessName":"Mumbai Textile Mills","timestamp":"2026-08-19T01:13:45.911Z"}
[2026-08-19T01:14:15.924Z] EMIT trust:score_updated → business:biz_3 {"businessId":"biz_3","overallScore":84.1,"paymentScore":90.5,"deliveryScore":88.8,"qualityScore":70.7,"businessName":"Shenzhen Tech Solutions","timestamp":"2026-08-19T01:14:15.924Z"}
[2026-08-19T01:14:45.935Z] EMIT trust:score_updated → business:biz_10 {"businessId":"biz_10","overallScore":77.9,"paymentScore":97.8,"deliveryScore":60.3,"qualityScore":68.8,"businessName":"Lagos Trade Hub","timestamp":"2026-08-19T01:14:45.935Z"}
[2026-08-19T01:15:15.936Z] EMIT trust:score_updated → business:biz_1 {"businessId":"biz_1","overallScore":83,"paymentScore":71.7,"deliveryScore":87.4,"qualityScore":93.6,"businessName":"Pacific Trade Co.","timestamp":"2026-08-19T01:15:15.936Z"}
[2026-08-19T01:15:45.936Z] EMIT trust:score_updated → business:biz_9 {"businessId":"biz_9","overallScore":78.7,"paymentScore":89.6,"deliveryScore":76.9,"qualityScore":66.1,"businessName":"São Paulo Agro Ltd.","timestamp":"2026-08-19T01:15:45.936Z"}
[2026-08-19T01:16:15.936Z] EMIT trust:score_updated → business:biz_8 {"businessId":"biz_8","overallScore":82.5,"paymentScore":87.1,"deliveryScore":90.8,"qualityScore":68.1,"businessName":"Mumbai Textile Mills","timestamp":"2026-08-19T01:16:15.936Z"}
[2026-08-19T01:16:45.936Z] EMIT trust:score_updated → business:biz_3 {"businessId":"biz_3","overallScore":90.9,"paymentScore":86.4,"deliveryScore":91.8,"qualityScore":96.1,"businessName":"Shenzhen Tech Solutions","timestamp":"2026-08-19T01:16:45.936Z"}
[2026-08-19T01:17:15.936Z] EMIT trust:score_updated → business:biz_5 {"businessId":"biz_5","overallScore":84.4,"paymentScore":74.6,"deliveryScore":89.2,"qualityScore":92.8,"businessName":"Dubai Golden Trade","timestamp":"2026-08-19T01:17:15.936Z"}
[2026-08-19T01:17:45.950Z] EMIT trust:score_updated → business:biz_8 {"businessId":"biz_8","overallScore":79.1,"paymentScore":83.5,"deliveryScore":69,"qualityScore":83.3,"businessName":"Mumbai Textile Mills","timestamp":"2026-08-19T01:17:45.950Z"}
[2026-08-19T01:18:15.964Z] EMIT trust:score_updated → business:biz_9 {"businessId":"biz_9","overallScore":77.9,"paymentScore":71.1,"deliveryScore":65.2,"qualityScore":99.6,"businessName":"São Paulo Agro Ltd.","timestamp":"2026-08-19T01:18:15.964Z"}
[2026-08-19T01:18:45.978Z] EMIT trust:score_updated → business:biz_3 {"businessId":"biz_3","overallScore":75,"paymentScore":82.6,"deliveryScore":63.9,"qualityScore":76,"businessName":"Shenzhen Tech Solutions","timestamp":"2026-08-19T01:18:45.978Z"}
[2026-08-19T01:19:15.992Z] EMIT trust:score_updated → business:biz_5 {"businessId":"biz_5","overallScore":78.4,"paymentScore":82.7,"deliveryScore":75.1,"qualityScore":75.9,"businessName":"Dubai Golden Trade","timestamp":"2026-08-19T01:19:15.992Z"}
[2026-08-19T01:19:45.993Z] EMIT trust:score_updated → business:biz_5 {"businessId":"biz_5","overallScore":89.6,"paymentScore":98.4,"deliveryScore":96.6,"qualityScore":70.9,"businessName":"Dubai Golden Trade","timestamp":"2026-08-19T01:19:45.993Z"}
[2026-08-19T01:20:16.006Z] EMIT trust:score_updated → business:biz_3 {"businessId":"biz_3","overallScore":79.3,"paymentScore":72.4,"deliveryScore":90.5,"qualityScore":77.4,"businessName":"Shenzhen Tech Solutions","timestamp":"2026-08-19T01:20:16.006Z"}
[2026-08-19T01:20:46.009Z] EMIT trust:score_updated → business:biz_4 {"businessId":"biz_4","overallScore":93.6,"paymentScore":99,"deliveryScore":85.8,"qualityScore":94.1,"businessName":"London Bridge Imports","timestamp":"2026-08-19T01:20:46.009Z"}
[2026-08-19T01:21:16.022Z] EMIT trust:score_updated → business:biz_3 {"businessId":"biz_3","overallScore":94.2,"paymentScore":91.4,"deliveryScore":96.5,"qualityScore":95.6,"businessName":"Shenzhen Tech Solutions","timestamp":"2026-08-19T01:21:16.022Z"}
[2026-08-19T01:21:46.035Z] EMIT trust:score_updated → business:biz_3 {"businessId":"biz_3","overallScore":80.5,"paymentScore":82,"deliveryScore":75.2,"qualityScore":83.8,"businessName":"Shenzhen Tech Solutions","timestamp":"2026-08-19T01:21:46.035Z"}
[2026-08-19T01:22:16.048Z] EMIT trust:score_updated → business:biz_7 {"businessId":"biz_7","overallScore":82.5,"paymentScore":85.4,"deliveryScore":68.3,"qualityScore":92.8,"businessName":"Singapore Global Pte","timestamp":"2026-08-19T01:22:16.048Z"}
[2026-08-19T01:22:46.062Z] EMIT trust:score_updated → business:biz_3 {"businessId":"biz_3","overallScore":79,"paymentScore":77.5,"deliveryScore":79.6,"qualityScore":80.3,"businessName":"Shenzhen Tech Solutions","timestamp":"2026-08-19T01:22:46.062Z"}
[2026-08-19T01:23:16.076Z] EMIT trust:score_updated → business:biz_10 {"businessId":"biz_10","overallScore":77.3,"paymentScore":72.4,"deliveryScore":73.4,"qualityScore":87.6,"businessName":"Lagos Trade Hub","timestamp":"2026-08-19T01:23:16.076Z"}
[2026-08-19T01:23:46.090Z] EMIT trust:score_updated → business:biz_1 {"businessId":"biz_1","overallScore":79,"paymentScore":86.5,"deliveryScore":77,"qualityScore":71,"businessName":"Pacific Trade Co.","timestamp":"2026-08-19T01:23:46.090Z"}
[2026-08-19T01:24:16.103Z] EMIT trust:score_updated → business:biz_8 {"businessId":"biz_8","overallScore":89.9,"paymentScore":93.4,"deliveryScore":81.4,"qualityScore":93.6,"businessName":"Mumbai Textile Mills","timestamp":"2026-08-19T01:24:16.103Z"}
[2026-08-19T01:24:46.116Z] EMIT trust:score_updated → business:biz_2 {"businessId":"biz_2","overallScore":78.9,"paymentScore":70.3,"deliveryScore":84.3,"qualityScore":84.9,"businessName":"Berlin Industrie GmbH","timestamp":"2026-08-19T01:24:46.116Z"}
[2026-08-19T01:25:16.129Z] EMIT trust:score_updated → business:biz_7 {"businessId":"biz_7","overallScore":86.5,"paymentScore":86.1,"deliveryScore":94,"qualityScore":79.7,"businessName":"Singapore Global Pte","timestamp":"2026-08-19T01:25:16.129Z"}
[2026-08-19T01:25:46.139Z] EMIT trust:score_updated → business:biz_1 {"businessId":"biz_1","overallScore":76.2,"paymentScore":65,"deliveryScore":93.3,"qualityScore":74,"businessName":"Pacific Trade Co.","timestamp":"2026-08-19T01:25:46.139Z"}
[2026-08-19T01:26:16.144Z] EMIT trust:score_updated → business:biz_4 {"businessId":"biz_4","overallScore":93.6,"paymentScore":92.8,"deliveryScore":90.2,"qualityScore":98.1,"businessName":"London Bridge Imports","timestamp":"2026-08-19T01:26:16.144Z"}
[2026-08-19T01:26:46.151Z] EMIT trust:score_updated → business:biz_6 {"businessId":"biz_6","overallScore":80.4,"paymentScore":80.8,"deliveryScore":88.7,"qualityScore":71.5,"businessName":"Tokyo Electronics Ltd.","timestamp":"2026-08-19T01:26:46.151Z"}
[2026-08-19T01:27:16.164Z] EMIT trust:score_updated → business:biz_7 {"businessId":"biz_7","overallScore":78.3,"paymentScore":65.9,"deliveryScore":90.1,"qualityScore":83.2,"businessName":"Singapore Global Pte","timestamp":"2026-08-19T01:27:16.164Z"}
[2026-08-19T01:27:46.177Z] EMIT trust:score_updated → business:biz_9 {"businessId":"biz_9","overallScore":78.3,"paymentScore":68.6,"deliveryScore":71.5,"qualityScore":97.9,"businessName":"São Paulo Agro Ltd.","timestamp":"2026-08-19T01:27:46.177Z"}
[2026-08-19T01:28:16.190Z] EMIT trust:score_updated → business:biz_7 {"businessId":"biz_7","overallScore":67,"paymentScore":65.4,"deliveryScore":63.2,"qualityScore":73,"businessName":"Singapore Global Pte","timestamp":"2026-08-19T01:28:16.190Z"}
[2026-08-19T01:28:46.191Z] EMIT trust:score_updated → business:biz_6 {"businessId":"biz_6","overallScore":89,"paymentScore":86.5,"deliveryScore":97.3,"qualityScore":84.2,"businessName":"Tokyo Electronics Ltd.","timestamp":"2026-08-19T01:28:46.191Z"}
[2026-08-19T01:29:16.191Z] EMIT trust:score_updated → business:biz_9 {"businessId":"biz_9","overallScore":81.7,"paymentScore":81,"deliveryScore":75.6,"qualityScore":88.7,"businessName":"São Paulo Agro Ltd.","timestamp":"2026-08-19T01:29:16.191Z"}
[2026-08-19T01:29:46.191Z] EMIT trust:score_updated → business:biz_2 {"businessId":"biz_2","overallScore":72.3,"paymentScore":67.3,"deliveryScore":68.4,"qualityScore":82.8,"businessName":"Berlin Industrie GmbH","timestamp":"2026-08-19T01:29:46.191Z"}
[2026-08-19T01:30:16.201Z] EMIT trust:score_updated → business:biz_5 {"businessId":"biz_5","overallScore":96.2,"paymentScore":99.3,"deliveryScore":92.5,"qualityScore":95.7,"businessName":"Dubai Golden Trade","timestamp":"2026-08-19T01:30:16.201Z"}
[2026-08-19T01:30:46.210Z] EMIT trust:score_updated → business:biz_6 {"businessId":"biz_6","overallScore":80.5,"paymentScore":89.3,"deliveryScore":63.9,"qualityScore":85.5,"businessName":"Tokyo Electronics Ltd.","timestamp":"2026-08-19T01:30:46.209Z"}
[2026-08-19T01:31:16.224Z] EMIT trust:score_updated → business:biz_8 {"businessId":"biz_8","overallScore":87.2,"paymentScore":99.5,"deliveryScore":85.2,"qualityScore":72.7,"businessName":"Mumbai Textile Mills","timestamp":"2026-08-19T01:31:16.224Z"}
[2026-08-19T01:31:46.238Z] EMIT trust:score_updated → business:biz_2 {"businessId":"biz_2","overallScore":79.4,"paymentScore":75.5,"deliveryScore":70.2,"qualityScore":93.8,"businessName":"Berlin Industrie GmbH","timestamp":"2026-08-19T01:31:46.238Z"}
[2026-08-19T01:32:16.252Z] EMIT trust:score_updated → business:biz_1 {"businessId":"biz_1","overallScore":82.6,"paymentScore":94.3,"deliveryScore":74.2,"qualityScore":75.3,"businessName":"Pacific Trade Co.","timestamp":"2026-08-19T01:32:16.252Z"}
[2026-08-19T01:32:46.266Z] EMIT trust:score_updated → business:biz_3 {"businessId":"biz_3","overallScore":87.4,"paymentScore":86.4,"deliveryScore":97,"qualityScore":79.2,"businessName":"Shenzhen Tech Solutions","timestamp":"2026-08-19T01:32:46.266Z"}
[2026-08-19T01:33:16.278Z] EMIT trust:score_updated → business:biz_2 {"businessId":"biz_2","overallScore":72.5,"paymentScore":68.8,"deliveryScore":84.2,"qualityScore":65.8,"businessName":"Berlin Industrie GmbH","timestamp":"2026-08-19T01:33:16.277Z"}
[2026-08-19T01:33:46.292Z] EMIT trust:score_updated → business:biz_2 {"businessId":"biz_2","overallScore":81.3,"paymentScore":91.3,"deliveryScore":60.3,"qualityScore":89.1,"businessName":"Berlin Industrie GmbH","timestamp":"2026-08-19T01:33:46.292Z"}
[2026-08-19T01:34:16.306Z] EMIT trust:score_updated → business:biz_10 {"businessId":"biz_10","overallScore":90.2,"paymentScore":89.6,"deliveryScore":98.6,"qualityScore":82.6,"businessName":"Lagos Trade Hub","timestamp":"2026-08-19T01:34:16.306Z"}
[2026-08-19T01:34:46.319Z] EMIT trust:score_updated → business:biz_9 {"businessId":"biz_9","overallScore":83.9,"paymentScore":82.5,"deliveryScore":70.8,"qualityScore":99,"businessName":"São Paulo Agro Ltd.","timestamp":"2026-08-19T01:34:46.319Z"}
[2026-08-19T01:35:16.333Z] EMIT trust:score_updated → business:biz_3 {"businessId":"biz_3","overallScore":75,"paymentScore":73.2,"deliveryScore":86.6,"qualityScore":65.8,"businessName":"Shenzhen Tech Solutions","timestamp":"2026-08-19T01:35:16.333Z"}
[2026-08-19T01:35:46.342Z] EMIT trust:score_updated → business:biz_4 {"businessId":"biz_4","overallScore":88,"paymentScore":89.5,"deliveryScore":75.1,"qualityScore":99,"businessName":"London Bridge Imports","timestamp":"2026-08-19T01:35:46.342Z"}
[2026-08-19T01:36:16.356Z] EMIT trust:score_updated → business:biz_9 {"businessId":"biz_9","overallScore":71,"paymentScore":81.7,"deliveryScore":61.8,"qualityScore":65.8,"businessName":"São Paulo Agro Ltd.","timestamp":"2026-08-19T01:36:16.356Z"}
[2026-08-19T01:36:46.370Z] EMIT trust:score_updated → business:biz_8 {"businessId":"biz_8","overallScore":88.2,"paymentScore":81.5,"deliveryScore":93.5,"qualityScore":91.8,"businessName":"Mumbai Textile Mills","timestamp":"2026-08-19T01:36:46.370Z"}
[2026-08-19T01:37:16.384Z] EMIT trust:score_updated → business:biz_8 {"businessId":"biz_8","overallScore":84.2,"paymentScore":70.2,"deliveryScore":98,"qualityScore":89.1,"businessName":"Mumbai Textile Mills","timestamp":"2026-08-19T01:37:16.384Z"}
[2026-08-19T01:37:46.398Z] EMIT trust:score_updated → business:biz_4 {"businessId":"biz_4","overallScore":79.2,"paymentScore":77.8,"deliveryScore":93.7,"qualityScore":66.7,"businessName":"London Bridge Imports","timestamp":"2026-08-19T01:37:46.398Z"}
[2026-08-19T01:38:16.412Z] EMIT trust:score_updated → business:biz_3 {"businessId":"biz_3","overallScore":72.7,"paymentScore":72.4,"deliveryScore":69.5,"qualityScore":76.4,"businessName":"Shenzhen Tech Solutions","timestamp":"2026-08-19T01:38:16.412Z"}
[2026-08-19T01:38:46.426Z] EMIT trust:score_updated → business:biz_6 {"businessId":"biz_6","overallScore":88.7,"paymentScore":99.6,"deliveryScore":72.3,"qualityScore":90.7,"businessName":"Tokyo Electronics Ltd.","timestamp":"2026-08-19T01:38:46.426Z"}
[2026-08-19T01:39:16.432Z] EMIT trust:score_updated → business:biz_4 {"businessId":"biz_4","overallScore":81.9,"paymentScore":80.7,"deliveryScore":84.9,"qualityScore":80.6,"businessName":"London Bridge Imports","timestamp":"2026-08-19T01:39:16.432Z"}
[2026-08-19T01:39:46.446Z] EMIT trust:score_updated → business:biz_2 {"businessId":"biz_2","overallScore":85.1,"paymentScore":78,"deliveryScore":96.3,"qualityScore":83.2,"businessName":"Berlin Industrie GmbH","timestamp":"2026-08-19T01:39:46.446Z"}
[2026-08-19T01:40:16.446Z] EMIT trust:score_updated → business:biz_3 {"businessId":"biz_3","overallScore":81.9,"paymentScore":81.6,"deliveryScore":77.7,"qualityScore":86.4,"businessName":"Shenzhen Tech Solutions","timestamp":"2026-08-19T01:40:16.446Z"}
[2026-08-19T01:40:46.459Z] EMIT trust:score_updated → business:biz_2 {"businessId":"biz_2","overallScore":92.5,"paymentScore":95.3,"deliveryScore":92.7,"qualityScore":88.6,"businessName":"Berlin Industrie GmbH","timestamp":"2026-08-19T01:40:46.459Z"}
[2026-08-19T01:41:16.472Z] EMIT trust:score_updated → business:biz_2 {"businessId":"biz_2","overallScore":75.4,"paymentScore":69,"deliveryScore":73.6,"qualityScore":85.6,"businessName":"Berlin Industrie GmbH","timestamp":"2026-08-19T01:41:16.472Z"}
[2026-08-19T01:41:46.485Z] EMIT trust:score_updated → business:biz_7 {"businessId":"biz_7","overallScore":89.5,"paymentScore":94.8,"deliveryScore":86.4,"qualityScore":85.4,"businessName":"Singapore Global Pte","timestamp":"2026-08-19T01:41:46.485Z"}
[2026-08-19T01:42:16.500Z] EMIT trust:score_updated → business:biz_8 {"businessId":"biz_8","overallScore":83.7,"paymentScore":83,"deliveryScore":94.7,"qualityScore":73.7,"businessName":"Mumbai Textile Mills","timestamp":"2026-08-19T01:42:16.500Z"}
[2026-08-19T01:42:46.514Z] EMIT trust:score_updated → business:biz_6 {"businessId":"biz_6","overallScore":74.6,"paymentScore":65.2,"deliveryScore":72.9,"qualityScore":88.9,"businessName":"Tokyo Electronics Ltd.","timestamp":"2026-08-19T01:42:46.514Z"}
[2026-08-19T01:43:16.527Z] EMIT trust:score_updated → business:biz_5 {"businessId":"biz_5","overallScore":85.5,"paymentScore":84.6,"deliveryScore":83.7,"qualityScore":88.6,"businessName":"Dubai Golden Trade","timestamp":"2026-08-19T01:43:16.527Z"}
[2026-08-19T01:43:46.540Z] EMIT trust:score_updated → business:biz_1 {"businessId":"biz_1","overallScore":95.5,"paymentScore":97.5,"deliveryScore":96.4,"qualityScore":91.9,"businessName":"Pacific Trade Co.","timestamp":"2026-08-19T01:43:46.540Z"}
[2026-08-19T01:44:16.548Z] EMIT trust:score_updated → business:biz_10 {"businessId":"biz_10","overallScore":79,"paymentScore":88.7,"deliveryScore":78,"qualityScore":67.1,"businessName":"Lagos Trade Hub","timestamp":"2026-08-19T01:44:16.548Z"}
[2026-08-19T01:44:46.561Z] EMIT trust:score_updated → business:biz_6 {"businessId":"biz_6","overallScore":95.5,"paymentScore":99.6,"deliveryScore":98.7,"qualityScore":86.7,"businessName":"Tokyo Electronics Ltd.","timestamp":"2026-08-19T01:44:46.561Z"}
[2026-08-19T01:45:16.574Z] EMIT trust:score_updated → business:biz_2 {"businessId":"biz_2","overallScore":77.8,"paymentScore":85.5,"deliveryScore":71.5,"qualityScore":73.9,"businessName":"Berlin Industrie GmbH","timestamp":"2026-08-19T01:45:16.574Z"}
[2026-08-19T01:45:46.576Z] EMIT trust:score_updated → business:biz_3 {"businessId":"biz_3","overallScore":86.1,"paymentScore":81.1,"deliveryScore":92,"qualityScore":86.8,"businessName":"Shenzhen Tech Solutions","timestamp":"2026-08-19T01:45:46.576Z"}
[2026-08-19T01:46:16.589Z] EMIT trust:score_updated → business:biz_3 {"businessId":"biz_3","overallScore":81.5,"paymentScore":71.6,"deliveryScore":82.5,"qualityScore":93.8,"businessName":"Shenzhen Tech Solutions","timestamp":"2026-08-19T01:46:16.589Z"}
[2026-08-19T01:46:46.602Z] EMIT trust:score_updated → business:biz_3 {"businessId":"biz_3","overallScore":80.3,"paymentScore":88.7,"deliveryScore":63.5,"qualityScore":85.9,"businessName":"Shenzhen Tech Solutions","timestamp":"2026-08-19T01:46:46.602Z"}
[2026-08-19T01:47:16.615Z] EMIT trust:score_updated → business:biz_4 {"businessId":"biz_4","overallScore":75.2,"paymentScore":69.7,"deliveryScore":68.9,"qualityScore":88.9,"businessName":"London Bridge Imports","timestamp":"2026-08-19T01:47:16.615Z"}
[2026-08-19T01:47:46.628Z] EMIT trust:score_updated → business:biz_4 {"businessId":"biz_4","overallScore":93,"paymentScore":93,"deliveryScore":95.4,"qualityScore":90.7,"businessName":"London Bridge Imports","timestamp":"2026-08-19T01:47:46.628Z"}
[2026-08-19T01:48:16.641Z] EMIT trust:score_updated → business:biz_1 {"businessId":"biz_1","overallScore":78.7,"paymentScore":84.6,"deliveryScore":78.5,"qualityScore":71.1,"businessName":"Pacific Trade Co.","timestamp":"2026-08-19T01:48:16.641Z"}
[2026-08-19T01:48:46.654Z] EMIT trust:score_updated → business:biz_5 {"businessId":"biz_5","overallScore":73.8,"paymentScore":75.4,"deliveryScore":73,"qualityScore":72.6,"businessName":"Dubai Golden Trade","timestamp":"2026-08-19T01:48:46.654Z"}
[2026-08-19T01:49:16.667Z] EMIT trust:score_updated → business:biz_8 {"businessId":"biz_8","overallScore":80.6,"paymentScore":97,"deliveryScore":68.4,"qualityScore":70.8,"businessName":"Mumbai Textile Mills","timestamp":"2026-08-19T01:49:16.667Z"}
[2026-08-19T01:49:46.680Z] EMIT trust:score_updated → business:biz_1 {"businessId":"biz_1","overallScore":88,"paymentScore":96.7,"deliveryScore":73,"qualityScore":91.5,"businessName":"Pacific Trade Co.","timestamp":"2026-08-19T01:49:46.680Z"}
[2026-08-19T01:50:16.693Z] EMIT trust:score_updated → business:biz_1 {"businessId":"biz_1","overallScore":79.7,"paymentScore":90.1,"deliveryScore":62.1,"qualityScore":83.3,"businessName":"Pacific Trade Co.","timestamp":"2026-08-19T01:50:16.693Z"}
[2026-08-19T01:50:46.702Z] EMIT trust:score_updated → business:biz_8 {"businessId":"biz_8","overallScore":79.9,"paymentScore":78.3,"deliveryScore":68.1,"qualityScore":93.7,"businessName":"Mumbai Textile Mills","timestamp":"2026-08-19T01:50:46.702Z"}
[2026-08-19T01:51:16.716Z] EMIT trust:score_updated → business:biz_9 {"businessId":"biz_9","overallScore":71,"paymentScore":65.2,"deliveryScore":74.5,"qualityScore":75.4,"businessName":"São Paulo Agro Ltd.","timestamp":"2026-08-19T01:51:16.716Z"}
[2026-08-19T01:51:46.729Z] EMIT trust:score_updated → business:biz_2 {"businessId":"biz_2","overallScore":84.3,"paymentScore":88.2,"deliveryScore":67.1,"qualityScore":96.3,"businessName":"Berlin Industrie GmbH","timestamp":"2026-08-19T01:51:46.729Z"}
[2026-08-19T01:52:16.743Z] EMIT trust:score_updated → business:biz_8 {"businessId":"biz_8","overallScore":75.7,"paymentScore":72.7,"deliveryScore":63.5,"qualityScore":91.9,"businessName":"Mumbai Textile Mills","timestamp":"2026-08-19T01:52:16.743Z"}
[2026-08-19T01:52:46.756Z] EMIT trust:score_updated → business:biz_10 {"businessId":"biz_10","overallScore":87.8,"paymentScore":90.5,"deliveryScore":95.6,"qualityScore":76.4,"businessName":"Lagos Trade Hub","timestamp":"2026-08-19T01:52:46.756Z"}
[2026-08-19T01:53:16.769Z] EMIT trust:score_updated → business:biz_5 {"businessId":"biz_5","overallScore":73.6,"paymentScore":78.2,"deliveryScore":69,"qualityScore":72.2,"businessName":"Dubai Golden Trade","timestamp":"2026-08-19T01:53:16.769Z"}
[2026-08-19T01:53:46.783Z] EMIT trust:score_updated → business:biz_8 {"businessId":"biz_8","overallScore":87.6,"paymentScore":76.2,"deliveryScore":93,"qualityScore":97.4,"businessName":"Mumbai Textile Mills","timestamp":"2026-08-19T01:53:46.783Z"}
[2026-08-19T01:54:16.798Z] EMIT trust:score_updated → business:biz_3 {"businessId":"biz_3","overallScore":70,"paymentScore":74.4,"deliveryScore":62.3,"qualityScore":71.9,"businessName":"Shenzhen Tech Solutions","timestamp":"2026-08-19T01:54:16.798Z"}
[2026-08-19T01:54:46.812Z] EMIT trust:score_updated → business:biz_8 {"businessId":"biz_8","overallScore":85,"paymentScore":76.1,"deliveryScore":88.8,"qualityScore":92.9,"businessName":"Mumbai Textile Mills","timestamp":"2026-08-19T01:54:46.812Z"}
[2026-08-19T01:55:16.826Z] EMIT trust:score_updated → business:biz_7 {"businessId":"biz_7","overallScore":84.4,"paymentScore":90.5,"deliveryScore":70.2,"qualityScore":90.6,"businessName":"Singapore Global Pte","timestamp":"2026-08-19T01:55:16.826Z"}
[2026-08-19T01:55:46.840Z] EMIT trust:score_updated → business:biz_1 {"businessId":"biz_1","overallScore":78.3,"paymentScore":66.4,"deliveryScore":74.7,"qualityScore":97.7,"businessName":"Pacific Trade Co.","timestamp":"2026-08-19T01:55:46.840Z"}
[2026-08-19T01:56:16.854Z] EMIT trust:score_updated → business:biz_9 {"businessId":"biz_9","overallScore":87,"paymentScore":93.7,"deliveryScore":99.8,"qualityScore":65.3,"businessName":"São Paulo Agro Ltd.","timestamp":"2026-08-19T01:56:16.854Z"}
[2026-08-19T01:56:46.861Z] EMIT trust:score_updated → business:biz_5 {"businessId":"biz_5","overallScore":84.8,"paymentScore":98.2,"deliveryScore":82.9,"qualityScore":68.8,"businessName":"Dubai Golden Trade","timestamp":"2026-08-19T01:56:46.861Z"}
[2026-08-19T01:57:16.865Z] EMIT trust:score_updated → business:biz_4 {"businessId":"biz_4","overallScore":83.8,"paymentScore":84,"deliveryScore":70.8,"qualityScore":96.6,"businessName":"London Bridge Imports","timestamp":"2026-08-19T01:57:16.865Z"}
[2026-08-19T01:57:46.883Z] EMIT trust:score_updated → business:biz_2 {"businessId":"biz_2","overallScore":89.4,"paymentScore":98.5,"deliveryScore":80.9,"qualityScore":85.7,"businessName":"Berlin Industrie GmbH","timestamp":"2026-08-19T01:57:46.882Z"}
[2026-08-19T01:58:16.893Z] EMIT trust:score_updated → business:biz_7 {"businessId":"biz_7","overallScore":95.2,"paymentScore":99.1,"deliveryScore":98.3,"qualityScore":86.8,"businessName":"Singapore Global Pte","timestamp":"2026-08-19T01:58:16.893Z"}
[2026-08-19T01:58:46.901Z] EMIT trust:score_updated → business:biz_8 {"businessId":"biz_8","overallScore":72.9,"paymentScore":67.3,"deliveryScore":62.1,"qualityScore":91.3,"businessName":"Mumbai Textile Mills","timestamp":"2026-08-19T01:58:46.901Z"}
[2026-08-19T01:59:16.916Z] EMIT trust:score_updated → business:biz_10 {"businessId":"biz_10","overallScore":74.9,"paymentScore":74.4,"deliveryScore":61.9,"qualityScore":88.7,"businessName":"Lagos Trade Hub","timestamp":"2026-08-19T01:59:16.916Z"}
[2026-08-19T01:59:46.930Z] EMIT trust:score_updated → business:biz_6 {"businessId":"biz_6","overallScore":78.1,"paymentScore":79.3,"deliveryScore":84.8,"qualityScore":69.8,"businessName":"Tokyo Electronics Ltd.","timestamp":"2026-08-19T01:59:46.930Z"}
[2026-08-19T02:00:16.945Z] EMIT trust:score_updated → business:biz_9 {"businessId":"biz_9","overallScore":76.3,"paymentScore":72.1,"deliveryScore":88.2,"qualityScore":70.1,"businessName":"São Paulo Agro Ltd.","timestamp":"2026-08-19T02:00:16.944Z"}
[2026-08-19T02:00:46.959Z] EMIT trust:score_updated → business:biz_5 {"businessId":"biz_5","overallScore":88.7,"paymentScore":82.8,"deliveryScore":96.7,"qualityScore":88.5,"businessName":"Dubai Golden Trade","timestamp":"2026-08-19T02:00:46.959Z"}
[2026-08-19T02:01:16.973Z] EMIT trust:score_updated → business:biz_4 {"businessId":"biz_4","overallScore":90,"paymentScore":98.7,"deliveryScore":69.2,"qualityScore":99.2,"businessName":"London Bridge Imports","timestamp":"2026-08-19T02:01:16.973Z"}
[2026-08-19T02:01:46.987Z] EMIT trust:score_updated → business:biz_3 {"businessId":"biz_3","overallScore":88.5,"paymentScore":86.3,"deliveryScore":81.9,"qualityScore":97.9,"businessName":"Shenzhen Tech Solutions","timestamp":"2026-08-19T02:01:46.987Z"}
[2026-08-19T02:02:17.002Z] EMIT trust:score_updated → business:biz_1 {"businessId":"biz_1","overallScore":86.8,"paymentScore":99.3,"deliveryScore":78.2,"qualityScore":78.9,"businessName":"Pacific Trade Co.","timestamp":"2026-08-19T02:02:17.002Z"}
[2026-08-19T02:02:47.016Z] EMIT trust:score_updated → business:biz_6 {"businessId":"biz_6","overallScore":87.9,"paymentScore":79.9,"deliveryScore":95,"qualityScore":91.6,"businessName":"Tokyo Electronics Ltd.","timestamp":"2026-08-19T02:02:47.016Z"}
[2026-08-19T02:03:17.030Z] EMIT trust:score_updated → business:biz_6 {"businessId":"biz_6","overallScore":89.3,"paymentScore":84.9,"deliveryScore":94.6,"qualityScore":89.8,"businessName":"Tokyo Electronics Ltd.","timestamp":"2026-08-19T02:03:17.030Z"}
[2026-08-19T02:03:47.044Z] EMIT trust:score_updated → business:biz_9 {"businessId":"biz_9","overallScore":66.8,"paymentScore":68.4,"deliveryScore":61.2,"qualityScore":70.4,"businessName":"São Paulo Agro Ltd.","timestamp":"2026-08-19T02:03:47.044Z"}
[2026-08-19T02:04:17.051Z] EMIT trust:score_updated → business:biz_6 {"businessId":"biz_6","overallScore":67.5,"paymentScore":71.9,"deliveryScore":61.6,"qualityScore":67.6,"businessName":"Tokyo Electronics Ltd.","timestamp":"2026-08-19T02:04:17.051Z"}
[2026-08-19T02:04:47.065Z] EMIT trust:score_updated → business:biz_2 {"businessId":"biz_2","overallScore":85.6,"paymentScore":89.6,"deliveryScore":84.9,"qualityScore":81.1,"businessName":"Berlin Industrie GmbH","timestamp":"2026-08-19T02:04:47.065Z"}
[2026-08-19T02:05:17.079Z] EMIT trust:score_updated → business:biz_7 {"businessId":"biz_7","overallScore":87.3,"paymentScore":87.4,"deliveryScore":98.8,"qualityScore":75.8,"businessName":"Singapore Global Pte","timestamp":"2026-08-19T02:05:17.079Z"}
[2026-08-19T02:05:47.088Z] EMIT trust:score_updated → business:biz_3 {"businessId":"biz_3","overallScore":78.1,"paymentScore":78,"deliveryScore":78.1,"qualityScore":78.1,"businessName":"Shenzhen Tech Solutions","timestamp":"2026-08-19T02:05:47.088Z"}
[2026-08-19T02:06:17.103Z] EMIT trust:score_updated → business:biz_9 {"businessId":"biz_9","overallScore":89.1,"paymentScore":99.3,"deliveryScore":95,"qualityScore":69.5,"businessName":"São Paulo Agro Ltd.","timestamp":"2026-08-19T02:06:17.103Z"}
[2026-08-19T02:06:47.106Z] EMIT trust:score_updated → business:biz_5 {"businessId":"biz_5","overallScore":73.1,"paymentScore":75,"deliveryScore":61.8,"qualityScore":81.8,"businessName":"Dubai Golden Trade","timestamp":"2026-08-19T02:06:47.106Z"}
[2026-08-19T02:07:17.119Z] EMIT trust:score_updated → business:biz_4 {"businessId":"biz_4","overallScore":81.6,"paymentScore":85.3,"deliveryScore":85.7,"qualityScore":72.7,"businessName":"London Bridge Imports","timestamp":"2026-08-19T02:07:17.118Z"}
[2026-08-19T02:07:47.133Z] EMIT trust:score_updated → business:biz_2 {"businessId":"biz_2","overallScore":95,"paymentScore":97.6,"deliveryScore":93.4,"qualityScore":93,"businessName":"Berlin Industrie GmbH","timestamp":"2026-08-19T02:07:47.133Z"}
[2026-08-19T02:08:17.147Z] EMIT trust:score_updated → business:biz_7 {"businessId":"biz_7","overallScore":78.5,"paymentScore":86.5,"deliveryScore":61,"qualityScore":85.3,"businessName":"Singapore Global Pte","timestamp":"2026-08-19T02:08:17.147Z"}
[2026-08-19T02:08:47.161Z] EMIT trust:score_updated → business:biz_8 {"businessId":"biz_8","overallScore":74.2,"paymentScore":73,"deliveryScore":64.5,"qualityScore":85.4,"businessName":"Mumbai Textile Mills","timestamp":"2026-08-19T02:08:47.161Z"}
[2026-08-19T02:09:17.175Z] EMIT trust:score_updated → business:biz_8 {"businessId":"biz_8","overallScore":78.2,"paymentScore":76.7,"deliveryScore":75.5,"qualityScore":83,"businessName":"Mumbai Textile Mills","timestamp":"2026-08-19T02:09:17.175Z"}
[2026-08-19T02:09:47.190Z] EMIT trust:score_updated → business:biz_7 {"businessId":"biz_7","overallScore":73.5,"paymentScore":80.9,"deliveryScore":67.7,"qualityScore":69.6,"businessName":"Singapore Global Pte","timestamp":"2026-08-19T02:09:47.190Z"}
[2026-08-19T02:10:17.204Z] EMIT trust:score_updated → business:biz_5 {"businessId":"biz_5","overallScore":92.8,"paymentScore":97.8,"deliveryScore":94.6,"qualityScore":84.5,"businessName":"Dubai Golden Trade","timestamp":"2026-08-19T02:10:17.204Z"}
[2026-08-19T02:10:47.218Z] EMIT trust:score_updated → business:biz_6 {"businessId":"biz_6","overallScore":72.8,"paymentScore":71.1,"deliveryScore":69.4,"qualityScore":78.4,"businessName":"Tokyo Electronics Ltd.","timestamp":"2026-08-19T02:10:47.218Z"}
[2026-08-19T02:11:17.233Z] EMIT trust:score_updated → business:biz_4 {"businessId":"biz_4","overallScore":71.5,"paymentScore":68.2,"deliveryScore":62.1,"qualityScore":85.2,"businessName":"London Bridge Imports","timestamp":"2026-08-19T02:11:17.233Z"}
[2026-08-19T02:11:47.247Z] EMIT trust:score_updated → business:biz_8 {"businessId":"biz_8","overallScore":80.1,"paymentScore":97.4,"deliveryScore":62.4,"qualityScore":74.6,"businessName":"Mumbai Textile Mills","timestamp":"2026-08-19T02:11:47.247Z"}
[2026-08-19T02:12:17.261Z] EMIT trust:score_updated → business:biz_2 {"businessId":"biz_2","overallScore":87.1,"paymentScore":96.3,"deliveryScore":90.5,"qualityScore":71.5,"businessName":"Berlin Industrie GmbH","timestamp":"2026-08-19T02:12:17.261Z"}
[2026-08-19T02:12:47.275Z] EMIT trust:score_updated → business:biz_9 {"businessId":"biz_9","overallScore":72.4,"paymentScore":77.8,"deliveryScore":60.1,"qualityScore":77.6,"businessName":"São Paulo Agro Ltd.","timestamp":"2026-08-19T02:12:47.275Z"}
[2026-08-19T02:13:17.289Z] EMIT trust:score_updated → business:biz_10 {"businessId":"biz_10","overallScore":77.5,"paymentScore":87,"deliveryScore":61.8,"qualityScore":80.6,"businessName":"Lagos Trade Hub","timestamp":"2026-08-19T02:13:17.289Z"}
[2026-08-19T02:13:47.303Z] EMIT trust:score_updated → business:biz_5 {"businessId":"biz_5","overallScore":82.1,"paymentScore":79,"deliveryScore":71.4,"qualityScore":97,"businessName":"Dubai Golden Trade","timestamp":"2026-08-19T02:13:47.303Z"}
[2026-08-19T02:14:17.317Z] EMIT trust:score_updated → business:biz_1 {"businessId":"biz_1","overallScore":83.6,"paymentScore":92.4,"deliveryScore":68.3,"qualityScore":87.2,"businessName":"Pacific Trade Co.","timestamp":"2026-08-19T02:14:17.317Z"}
[2026-08-19T02:14:47.331Z] EMIT trust:score_updated → business:biz_4 {"businessId":"biz_4","overallScore":74.1,"paymentScore":72.8,"deliveryScore":71.8,"qualityScore":78,"businessName":"London Bridge Imports","timestamp":"2026-08-19T02:14:47.331Z"}
[2026-08-19T02:15:17.339Z] EMIT trust:score_updated → business:biz_8 {"businessId":"biz_8","overallScore":72.4,"paymentScore":77.9,"deliveryScore":70.6,"qualityScore":66.8,"businessName":"Mumbai Textile Mills","timestamp":"2026-08-19T02:15:17.339Z"}
[2026-08-19T02:15:47.354Z] EMIT trust:score_updated → business:biz_8 {"businessId":"biz_8","overallScore":74.8,"paymentScore":81,"deliveryScore":68.1,"qualityScore":73.2,"businessName":"Mumbai Textile Mills","timestamp":"2026-08-19T02:15:47.353Z"}
[2026-08-19T02:16:17.367Z] EMIT trust:score_updated → business:biz_2 {"businessId":"biz_2","overallScore":70.3,"paymentScore":67.6,"deliveryScore":79,"qualityScore":65.3,"businessName":"Berlin Industrie GmbH","timestamp":"2026-08-19T02:16:17.367Z"}
[2026-08-19T02:16:47.381Z] EMIT trust:score_updated → business:biz_1 {"businessId":"biz_1","overallScore":89.5,"paymentScore":97.2,"deliveryScore":76.4,"qualityScore":92.3,"businessName":"Pacific Trade Co.","timestamp":"2026-08-19T02:16:47.381Z"}
[2026-08-19T02:17:17.395Z] EMIT trust:score_updated → business:biz_4 {"businessId":"biz_4","overallScore":71.3,"paymentScore":73.8,"deliveryScore":72.8,"qualityScore":66.6,"businessName":"London Bridge Imports","timestamp":"2026-08-19T02:17:17.395Z"}
[2026-08-19T02:17:47.407Z] EMIT trust:score_updated → business:biz_8 {"businessId":"biz_8","overallScore":80.9,"paymentScore":81.1,"deliveryScore":62,"qualityScore":99.4,"businessName":"Mumbai Textile Mills","timestamp":"2026-08-19T02:17:47.407Z"}
[2026-08-19T02:18:17.416Z] EMIT trust:score_updated → business:biz_10 {"businessId":"biz_10","overallScore":81.6,"paymentScore":86.4,"deliveryScore":60.4,"qualityScore":96.3,"businessName":"Lagos Trade Hub","timestamp":"2026-08-19T02:18:17.416Z"}
[2026-08-19T02:18:47.430Z] EMIT trust:score_updated → business:biz_1 {"businessId":"biz_1","overallScore":76.5,"paymentScore":71.1,"deliveryScore":64.1,"qualityScore":96.1,"businessName":"Pacific Trade Co.","timestamp":"2026-08-19T02:18:47.430Z"}
[2026-08-19T02:19:17.442Z] EMIT trust:score_updated → business:biz_8 {"businessId":"biz_8","overallScore":70.8,"paymentScore":77.3,"deliveryScore":63.7,"qualityScore":69.3,"businessName":"Mumbai Textile Mills","timestamp":"2026-08-19T02:19:17.442Z"}
[2026-08-19T02:19:47.456Z] EMIT trust:score_updated → business:biz_4 {"businessId":"biz_4","overallScore":90.6,"paymentScore":92.6,"deliveryScore":97.9,"qualityScore":80.7,"businessName":"London Bridge Imports","timestamp":"2026-08-19T02:19:47.456Z"}
[2026-08-19T02:20:17.471Z] EMIT trust:score_updated → business:biz_1 {"businessId":"biz_1","overallScore":74.3,"paymentScore":65.7,"deliveryScore":80.1,"qualityScore":79.9,"businessName":"Pacific Trade Co.","timestamp":"2026-08-19T02:20:17.471Z"}
[2026-08-19T02:20:47.481Z] EMIT trust:score_updated → business:biz_3 {"businessId":"biz_3","overallScore":86,"paymentScore":84.1,"deliveryScore":99.7,"qualityScore":74.7,"businessName":"Shenzhen Tech Solutions","timestamp":"2026-08-19T02:20:47.481Z"}
[2026-08-19T02:21:17.495Z] EMIT trust:score_updated → business:biz_5 {"businessId":"biz_5","overallScore":79.6,"paymentScore":69.6,"deliveryScore":75.9,"qualityScore":96.7,"businessName":"Dubai Golden Trade","timestamp":"2026-08-19T02:21:17.495Z"}
[2026-08-19T02:21:47.509Z] EMIT trust:score_updated → business:biz_2 {"businessId":"biz_2","overallScore":86.8,"paymentScore":91.2,"deliveryScore":70.2,"qualityScore":97.6,"businessName":"Berlin Industrie GmbH","timestamp":"2026-08-19T02:21:47.509Z"}
[2026-08-19T02:22:17.524Z] EMIT trust:score_updated → business:biz_9 {"businessId":"biz_9","overallScore":80.3,"paymentScore":68.6,"deliveryScore":89.5,"qualityScore":86.7,"businessName":"São Paulo Agro Ltd.","timestamp":"2026-08-19T02:22:17.524Z"}
[2026-08-19T02:22:47.538Z] EMIT trust:score_updated → business:biz_9 {"businessId":"biz_9","overallScore":86.7,"paymentScore":93.5,"deliveryScore":94.5,"qualityScore":69.9,"businessName":"São Paulo Agro Ltd.","timestamp":"2026-08-19T02:22:47.538Z"}
